           ^
$ASCEND_WORKSPACE/gen/saxpy_verify_pSeek-V3.2_r1/saxpy.cpp:71:29: error: use of undeclared identifier 'float8'; did you mean 'float'?
                yVec = Load<float8>(yPtr + j);
                            ^~~~~~
                            float
$ASCEND_WORKSPACE/gen/saxpy_verify_pSeek-V3.2_r1/saxpy.cpp:71:24: error: use of undeclared identifier 'Load'
                yVec = Load<float8>(yPtr + j);
                       ^
$ASCEND_WORKSPACE/gen/saxpy_verify_pSeek-V3.2_r1/saxpy.cpp:73:26: error: no matching function for call to 'Muls'
                outVec = Muls(xVec, alphaLocal);
                         ^~~~
/usr/local/Ascend/ascend-toolkit/latest/tools/tikcpp/tikcfw/inner_interface/inner_kernel_operator_vec_binary_scalar_intf.cppm:231:24: note: candidate function template not viable: requires 4 arguments, but 2 were provided
__aicore__ inline void Muls(const LocalTensor<T>& dstLocal, const LocalTensor<T>& srcLocal, const T& scalarValue,
                       ^
/usr/local/Ascend/ascend-toolkit/latest/tools/tikcpp/tikcfw/inner_interface/inner_kernel_operator_vec_binary_scalar_intf.cppm:245:24: note: candidate function template not viable: requires 4 arguments, but 2 were provided
__aicore__ inline void Muls(const LocalTensor<T>& dstLocal, const LocalTensor<T>& srcLocal, const U& scalarValue,
                       ^
/usr/local/Ascend/ascend-toolkit/latest/tools/tikcpp/tikcfw/inner_interface/inner_kernel_operator_vec_binary_scalar_intf.cppm:165:24: note: candidate function template not viable: requires 6 arguments, but 2 were provided
__aicore__ inline void Muls(const LocalTensor<T>& dstLocal, const LocalTensor<T>& srcLocal, const T& scalarValue,
                       ^
/usr/local/Ascend/ascend-toolkit/latest/tools/tikcpp/tikcfw/inner_interface/inner_kernel_operator_vec_binary_scalar_intf.cppm:179:24: note: candidate function template not viable: requires 6 arguments, but 2 were provided
__aicore__ inline void Muls(const LocalTensor<T>& dstLocal, const LocalTensor<T>& srcLocal, const U& scalarValue,
                       ^
/usr/local/Ascend/ascend-toolkit/latest/tools/tikcpp/tikcfw/inner_interface/inner_kernel_operator_vec_binary_scalar_intf.cppm:194:24: note: candidate function template not viable: requires 6 arguments, but 2 were provided
__aicore__ inline void Muls(const LocalTensor<T>& dstLocal, const LocalTensor<T>& srcLocal, const T& scalarValue,
                       ^
/usr/local/Ascend/ascend-toolkit/latest/tools/tikcpp/tikcfw/inner_interface/inner_kernel_operator_vec_binary_scalar_intf.cppm:208:24: note: candidate function template not viable: requires 6 arguments, but 2 were provided
__aicore__ inline void Muls(const LocalTensor<T>& dstLocal, const LocalTensor<T>& srcLocal, const U& scalarValue,
                       ^
In file included from $ASCEND_WORKSPACE/gen/saxpy_verify_pSeek-V3.2_r1/build/auto_gen/ascendc_kernels_npu/auto_gen_saxpy.cpp:7:
$ASCEND_WORKSPACE/gen/saxpy_verify_pSeek-V3.2_r1/saxpy.cpp:73:26: error: assigning to 'float' from incompatible type 'void'
                outVec = Muls(xVec, alphaLocal);
                         ^~~~~~~~~~~~~~~~~~~~~~
$ASCEND_WORKSPACE/gen/saxpy_verify_pSeek-V3.2_r1/saxpy.cpp:74:26: error: no matching function for call to 'Add'
                outVec = Add(outVec, yVec);
                         ^~~
/usr/local/Ascend/ascend-toolkit/latest/tools/tikcpp/tikcfw/inner_interface/inner_kernel_operator_vec_binary_intf.cppm:95:24: note: candidate function template not viable: requires 4 arguments, but 2 were provided
__aicore__ inline void Add(const LocalTensor<T>& dstLocal, const LocalTensor<T>& src0Local,
                       ^
/usr/local/Ascend/ascend-toolkit/latest/tools/tikcpp/tikcfw/inner_interface/inner_kernel_operator_vec_binary_intf.cppm:56:24: note: candidate function template not viable: requires 6 arguments, but 2 were provided
__aicore__ inline void Add(const LocalTensor<T>& dstLocal, const LocalTensor<T>& src0Local,
                       ^
/usr/local/Ascend/ascend-toolkit/latest/tools/tikcpp/tikcfw/inner_interface/inner_kernel_operator_vec_binary_intf.cppm:72:24: note: candidate function template not viable: requires 6 arguments, but 2 were provided
__aicore__ inline void Add(const LocalTensor<T>& dstLocal, const LocalTensor<T>& src0Local,
                       ^
In file included from $ASCEND_WORKSPACE/gen/saxpy_verify_pSeek-V3.2_r1/build/auto_gen/ascendc_kernels_npu/auto_gen_saxpy.cpp:7:
$ASCEND_WORKSPACE/gen/saxpy_verify_pSeek-V3.2_r1/saxpy.cpp:74:26: error: assigning to 'float' from incompatible type 'void'
                outVec = Add(outVec, yVec);
                         ^~~~~~~~~~~~~~~~~
$ASCEND_WORKSPACE/gen/saxpy_verify_pSeek-V3.2_r1/saxpy.cpp:76:17: error: use of undeclared identifier 'Store'
                Store(outPtr + j, outVec);
                ^
13 errors generated.
gmake[5]: *** [CMakeFiles/device_aic_obj.dir/build.make:76: CMakeFiles/device_aic_obj.dir$ASCEND_WORKSPACE/gen/saxpy_verify_pSeek-V3.2_r1/build/auto_gen/ascendc_kernels_npu/auto_gen_saxpy.cpp.o] Error 1
gmake[4]: *** [CMakeFiles/Makefile2:85: CMakeFiles/device_aic_obj.dir/all] Error 2
gmake[3]: *** [Makefile:91: all] Error 2
gmake[2]: *** [CMakeFiles/ascendc_kernels_npu_aic_device.dir/build.make:86: ascendc_kernels_npu_aic_device-prefix/src/ascendc_kernels_npu_aic_device-stamp/ascendc_kernels_npu_aic_device-build] Error 2
gmake[1]: *** [CMakeFiles/Makefile2:150: CMakeFiles/ascendc_kernels_npu_aic_device.dir/all] Error 2
gmake[1]: *** Waiting for unfinished jobs....
[100%] Built target host_bisheng_obj
Install the project...
-- Install configuration: "Release"
-- Installing: $ASCEND_WORKSPACE/gen/saxpy_verify_pSeek-V3.2_r1/build/ascendc_kernels_npu_host_dir/./objects-Release/host_bisheng_obj$ASCEND_WORKSPACE/gen/saxpy_verify_pSeek-V3.2_r1/saxpy.cpp.o
[ 83%] Completed 'ascendc_kernels_npu_host'
[ 83%] Built target ascendc_kernels_npu_host
gmake: *** [Makefile:136: all] Error 2
