l.h:851:56: note: candidate template ignored: could not match 'TBuf' against 'LocalTensor'
template <TPosition pos> __aicore__ inline bool TPipe::InitBuffer(TBuf<pos>& buf, uint32_t len)
                                                       ^
/usr/local/Ascend/ascend-toolkit/latest/tools/tikcpp/tikcfw/impl/kernel_tpipe_impl.h:797:50: note: candidate function template not viable: requires 3 arguments, but 2 were provided
template <class T> __aicore__ inline bool TPipe::InitBuffer(T& que, uint8_t num, uint32_t len)
                                                 ^
In file included from $ASCEND_WORKSPACE/gen/sgemm_verify_pSeek-V3.2_r1/build/auto_gen/ascendc_kernels_npu/auto_gen_sgemm.cpp:7:
$ASCEND_WORKSPACE/gen/sgemm_verify_pSeek-V3.2_r1/sgemm.cpp:80:22: error: no matching member function for call to 'InitBuffer'
                pipe.InitBuffer(localB[nextBufIdx], KTILE * NTILE * sizeof(float));
                ~~~~~^~~~~~~~~~
/usr/local/Ascend/ascend-toolkit/latest/tools/tikcpp/tikcfw/impl/kernel_tpipe_impl.h:851:56: note: candidate template ignored: could not match 'TBuf' against 'LocalTensor'
template <TPosition pos> __aicore__ inline bool TPipe::InitBuffer(TBuf<pos>& buf, uint32_t len)
                                                       ^
/usr/local/Ascend/ascend-toolkit/latest/tools/tikcpp/tikcfw/impl/kernel_tpipe_impl.h:797:50: note: candidate function template not viable: requires 3 arguments, but 2 were provided
template <class T> __aicore__ inline bool TPipe::InitBuffer(T& que, uint8_t num, uint32_t len)
                                                 ^
In file included from $ASCEND_WORKSPACE/gen/sgemm_verify_pSeek-V3.2_r1/build/auto_gen/ascendc_kernels_npu/auto_gen_sgemm.cpp:7:
$ASCEND_WORKSPACE/gen/sgemm_verify_pSeek-V3.2_r1/sgemm.cpp:84:17: error: unknown type name 'CopyParams'
                CopyParams copyAParam = { .blockCount = mSize, .blockLen = kSize * sizeof(float), .srcStride = k * sizeof(float), .dstStride = KTILE * sizeof(float) };
                ^
$ASCEND_WORKSPACE/gen/sgemm_verify_pSeek-V3.2_r1/sgemm.cpp:85:22: error: no member named 'EnqueueCopy' in 'AscendC::TPipe'
                pipe.EnqueueCopy(copyA, A + (mStart * k + kStart) * sizeof(float), localA[bufIdx], copyAParam);
                ~~~~ ^
$ASCEND_WORKSPACE/gen/sgemm_verify_pSeek-V3.2_r1/sgemm.cpp:87:17: error: unknown type name 'CopyParams'
                CopyParams copyBParam = { .blockCount = kSize, .blockLen = nSize * sizeof(float), .srcStride = n * sizeof(float), .dstStride = NTILE * sizeof(float) };
                ^
$ASCEND_WORKSPACE/gen/sgemm_verify_pSeek-V3.2_r1/sgemm.cpp:88:22: error: no member named 'EnqueueCopy' in 'AscendC::TPipe'
                pipe.EnqueueCopy(copyB, B + (kStart * n + nStart) * sizeof(float), localB[bufIdx], copyBParam);
                ~~~~ ^
$ASCEND_WORKSPACE/gen/sgemm_verify_pSeek-V3.2_r1/sgemm.cpp:91:18: error: no member named 'Wait' in 'AscendC::TPipe'
            pipe.Wait(copyA);
            ~~~~ ^
$ASCEND_WORKSPACE/gen/sgemm_verify_pSeek-V3.2_r1/sgemm.cpp:92:18: error: no member named 'Wait' in 'AscendC::TPipe'
            pipe.Wait(copyB);
            ~~~~ ^
$ASCEND_WORKSPACE/gen/sgemm_verify_pSeek-V3.2_r1/sgemm.cpp:98:41: error: call to 'min' is ambiguous
                    uint32_t mSubSize = min(MTILE / M_TILES_PER_CORE, mSize - mSubStart);
                                        ^~~
/usr/local/Ascend/ascend-toolkit/8.0.RC3/aarch64-linux/ccec_compiler/lib/clang/15.0.5/include/__clang_cce_aicore_functions.h:853:27: note: candidate function
CCE_INTRINSIC[aicore] int min(int in1, int in2) {
                          ^
/usr/local/Ascend/ascend-toolkit/8.0.RC3/aarch64-linux/ccec_compiler/lib/clang/15.0.5/include/__clang_cce_aicore_functions.h:874:36: note: candidate function
CCE_INTRINSIC[aicore] unsigned int min(unsigned int in1, unsigned int in2) {
                                   ^
In file included from $ASCEND_WORKSPACE/gen/sgemm_verify_pSeek-V3.2_r1/build/auto_gen/ascendc_kernels_npu/auto_gen_sgemm.cpp:7:
$ASCEND_WORKSPACE/gen/sgemm_verify_pSeek-V3.2_r1/sgemm.cpp:99:41: error: call to 'min' is ambiguous
                    uint32_t nSubSize = min(NTILE / N_TILES_PER_CORE, nSize - nSubStart);
                                        ^~~
/usr/local/Ascend/ascend-toolkit/8.0.RC3/aarch64-linux/ccec_compiler/lib/clang/15.0.5/include/__clang_cce_aicore_functions.h:853:27: note: candidate function
CCE_INTRINSIC[aicore] int min(int in1, int in2) {
                          ^
/usr/local/Ascend/ascend-toolkit/8.0.RC3/aarch64-linux/ccec_compiler/lib/clang/15.0.5/include/__clang_cce_aicore_functions.h:874:36: note: candidate function
CCE_INTRINSIC[aicore] unsigned int min(unsigned int in1, unsigned int in2) {
                                   ^
fatal error: too many errors emitted, stopping now [-ferror-limit=]
20 errors generated.
gmake[5]: *** [CMakeFiles/device_aic_obj.dir/build.make:76: CMakeFiles/device_aic_obj.dir$ASCEND_WORKSPACE/gen/sgemm_verify_pSeek-V3.2_r1/build/auto_gen/ascendc_kernels_npu/auto_gen_sgemm.cpp.o] Error 1
gmake[4]: *** [CMakeFiles/Makefile2:85: CMakeFiles/device_aic_obj.dir/all] Error 2
gmake[3]: *** [Makefile:91: all] Error 2
gmake[2]: *** [CMakeFiles/ascendc_kernels_npu_aic_device.dir/build.make:86: ascendc_kernels_npu_aic_device-prefix/src/ascendc_kernels_npu_aic_device-stamp/ascendc_kernels_npu_aic_device-build] Error 2
gmake[1]: *** [CMakeFiles/Makefile2:150: CMakeFiles/ascendc_kernels_npu_aic_device.dir/all] Error 2
gmake[1]: *** Waiting for unfinished jobs....
[100%] Built target host_bisheng_obj
Install the project...
-- Install configuration: "Release"
-- Installing: $ASCEND_WORKSPACE/gen/sgemm_verify_pSeek-V3.2_r1/build/ascendc_kernels_npu_host_dir/./objects-Release/host_bisheng_obj$ASCEND_WORKSPACE/gen/sgemm_verify_pSeek-V3.2_r1/sgemm.cpp.o
[ 83%] Completed 'ascendc_kernels_npu_host'
[ 83%] Built target ascendc_kernels_npu_host
gmake: *** [Makefile:136: all] Error 2
