-- The C compiler identification is GNU 10.3.1
-- The C compiler identification is GNU 10.3.1
-- The C compiler identification is GNU 10.3.1
-- The CXX compiler identification is Clang 15.0.5
-- The CXX compiler identification is Clang 15.0.5
-- The CXX compiler identification is Clang 15.0.5
-- Detecting C compiler ABI info
-- Detecting C compiler ABI info
-- Detecting C compiler ABI info
-- Detecting C compiler ABI info - done
-- Detecting C compiler ABI info - done
-- Detecting C compiler ABI info - done
-- Check for working C compiler: /usr/bin/cc - skipped
-- Detecting C compile features
-- Detecting C compile features - done
-- Check for working C compiler: /usr/bin/cc - skipped
-- Check for working C compiler: /usr/bin/cc - skipped
-- Detecting C compile features
-- Detecting C compile features
-- Detecting C compile features - done
-- Detecting C compile features - done
-- Detecting CXX compiler ABI info
-- Detecting CXX compiler ABI info
-- Detecting CXX compiler ABI info
-- Detecting CXX compiler ABI info - done
-- Detecting CXX compiler ABI info - done
-- Detecting CXX compiler ABI info - done
-- Check for working CXX compiler: $ASCEND_WORKSPACE/bin/c++ - skipped
-- Detecting CXX compile features
-- Detecting CXX compile features - done
-- Configuring done (0.7s)
-- Generating done (0.0s)
-- Check for working CXX compiler: $ASCEND_WORKSPACE/bin/c++ - skipped
CMake Warning:
  Manually-specified variables were not used by the project:

    BUILD_MODE


-- Detecting CXX compile features
-- Check for working CXX compiler: $ASCEND_WORKSPACE/bin/c++ - skipped
-- Build files have been written to: $ASCEND_WORKSPACE/gen/saxpy_verify_pSeek-V3.2_r3/build/ascendc_kernels_npu_aiv_device-prefix/src/ascendc_kernels_npu_aiv_device-build
-- Detecting CXX compile features
-- Detecting CXX compile features - done
-- Detecting CXX compile features - done
-- Configuring done (0.7s)
-- Configuring done (0.7s)
-- Generating done (0.0s)
-- Generating done (0.0s)
CMake Warning:
  Manually-specified variables were not used by the project:

    ASCEND_PYTHON_EXECUTABLE


-- Build files have been written to: $ASCEND_WORKSPACE/gen/saxpy_verify_pSeek-V3.2_r3/build/ascendc_kernels_npu_host-prefix/src/ascendc_kernels_npu_host-build
-- Build files have been written to: $ASCEND_WORKSPACE/gen/saxpy_verify_pSeek-V3.2_r3/build/ascendc_kernels_npu_aic_device-prefix/src/ascendc_kernels_npu_aic_device-build
[ 66%] Performing build step for 'ascendc_kernels_npu_aiv_device'
[ 69%] Performing build step for 'ascendc_kernels_npu_host'
[ 72%] Performing build step for 'ascendc_kernels_npu_aic_device'
[ 75%] No install step for 'ascendc_kernels_npu_aiv_device'
[ 77%] Completed 'ascendc_kernels_npu_aiv_device'
[ 77%] Built target ascendc_kernels_npu_aiv_device
[100%] Building CXX object CMakeFiles/host_bisheng_obj.dir$ASCEND_WORKSPACE/gen/saxpy_verify_pSeek-V3.2_r3/saxpy.cpp.o
[100%] Building CXX object CMakeFiles/device_aic_obj.dir$ASCEND_WORKSPACE/gen/saxpy_verify_pSeek-V3.2_r3/build/auto_gen/ascendc_kernels_npu/auto_gen_saxpy.cpp.o
[100%] Built target host_bisheng_obj
[ 80%] Performing install step for 'ascendc_kernels_npu_host'
[100%] Building CXX object CMakeFiles/host_bisheng_obj.dir$ASCEND_WORKSPACE/gen/saxpy_verify_pSeek-V3.2_r3/saxpy.cpp.o
In file included from $ASCEND_WORKSPACE/gen/saxpy_verify_pSeek-V3.2_r3/build/auto_gen/ascendc_kernels_npu/auto_gen_saxpy.cpp:7:
$ASCEND_WORKSPACE/gen/saxpy_verify_pSeek-V3.2_r3/saxpy.cpp:64:34: error: no member named 'GetPtr' in 'AscendC::LocalTensor<float>'
            float* xPtr = xLocal.GetPtr(i * 64);
                          ~~~~~~ ^
$ASCEND_WORKSPACE/gen/saxpy_verify_pSeek-V3.2_r3/saxpy.cpp:65:34: error: no member named 'GetPtr' in 'AscendC::LocalTensor<float>'
            float* yPtr = yLocal.GetPtr(i * 64);
                          ~~~~~~ ^
$ASCEND_WORKSPACE/gen/saxpy_verify_pSeek-V3.2_r3/saxpy.cpp:66:38: error: no member named 'GetPtr' in 'AscendC::LocalTensor<float>'
            float* outPtr = outLocal.GetPtr(i * 64);
                            ~~~~~~~~ ^
$ASCEND_WORKSPACE/gen/saxpy_verify_pSeek-V3.2_r3/saxpy.cpp:69:17: error: use of undeclared identifier 'float8'; did you mean 'float'?
                float8 xVec, yVec, outVec;
                ^~~~~~
                float
$ASCEND_WORKSPACE/gen/saxpy_verify_pSeek-V3.2_r3/saxpy.cpp:70:24: error: use of undeclared identifier 'vload'
                xVec = vload(0, xPtr + j);
                       ^
$ASCEND_WORKSPACE/gen/saxpy_verify_pSeek-V3.2_r3/saxpy.cpp:71:24: error: use of undeclared identifier 'vload'
                yVec = vload(0, yPtr + j);
                       ^
$ASCEND_WORKSPACE/gen/saxpy_verify_pSeek-V3.2_r3/saxpy.cpp:76:17: error: use of undeclared identifier 'vstore'
                vstore(outVec, 0, outPtr + j);
                ^
7 errors generated.
gmake[5]: *** [CMakeFiles/device_aic_obj.dir/build.make:76: CMakeFiles/device_aic_obj.dir$ASCEND_WORKSPACE/gen/saxpy_verify_pSeek-V3.2_r3/build/auto_gen/ascendc_kernels_npu/auto_gen_saxpy.cpp.o] Error 1
gmake[4]: *** [CMakeFiles/Makefile2:85: CMakeFiles/device_aic_obj.dir/all] Error 2
gmake[3]: *** [Makefile:91: all] Error 2
gmake[2]: *** [CMakeFiles/ascendc_kernels_npu_aic_device.dir/build.make:86: ascendc_kernels_npu_aic_device-prefix/src/ascendc_kernels_npu_aic_device-stamp/ascendc_kernels_npu_aic_device-build] Error 2
gmake[1]: *** [CMakeFiles/Makefile2:150: CMakeFiles/ascendc_kernels_npu_aic_device.dir/all] Error 2
gmake[1]: *** Waiting for unfinished jobs....
[100%] Built target host_bisheng_obj
Install the project...
-- Install configuration: "Release"
-- Installing: $ASCEND_WORKSPACE/gen/saxpy_verify_pSeek-V3.2_r3/build/ascendc_kernels_npu_host_dir/./objects-Release/host_bisheng_obj$ASCEND_WORKSPACE/gen/saxpy_verify_pSeek-V3.2_r3/saxpy.cpp.o
[ 83%] Completed 'ascendc_kernels_npu_host'
[ 83%] Built target ascendc_kernels_npu_host
gmake: *** [Makefile:136: all] Error 2
