 Detecting CXX compile features
-- Detecting CXX compile features - done
-- Configuring done (0.7s)
-- Generating done (0.0s)
-- Check for working CXX compiler: $ASCEND_WORKSPACE/bin/c++ - skipped
CMake Warning:
  Manually-specified variables were not used by the project:

    ASCEND_PYTHON_EXECUTABLE


-- Detecting CXX compile features
-- Build files have been written to: $ASCEND_WORKSPACE/gen/saxpy_verify_-K2.7-Code_r1/build/ascendc_kernels_npu_host-prefix/src/ascendc_kernels_npu_host-build
-- Detecting CXX compile features - done
-- Configuring done (0.7s)
-- Generating done (0.0s)
-- Generating done (0.0s)
-- Build files have been written to: $ASCEND_WORKSPACE/gen/saxpy_verify_-K2.7-Code_r1/build/ascendc_kernels_npu_aic_device-prefix/src/ascendc_kernels_npu_aic_device-build
CMake Warning:
  Manually-specified variables were not used by the project:

    BUILD_MODE


-- Build files have been written to: $ASCEND_WORKSPACE/gen/saxpy_verify_-K2.7-Code_r1/build/ascendc_kernels_npu_aiv_device-prefix/src/ascendc_kernels_npu_aiv_device-build
[ 66%] Performing build step for 'ascendc_kernels_npu_host'
[ 69%] Performing build step for 'ascendc_kernels_npu_aic_device'
[ 72%] Performing build step for 'ascendc_kernels_npu_aiv_device'
[ 75%] No install step for 'ascendc_kernels_npu_aiv_device'
[100%] Building CXX object CMakeFiles/host_bisheng_obj.dir$ASCEND_WORKSPACE/gen/saxpy_verify_-K2.7-Code_r1/saxpy.cpp.o
[100%] Building CXX object CMakeFiles/device_aic_obj.dir$ASCEND_WORKSPACE/gen/saxpy_verify_-K2.7-Code_r1/build/auto_gen/ascendc_kernels_npu/auto_gen_saxpy.cpp.o
[ 77%] Completed 'ascendc_kernels_npu_aiv_device'
[ 77%] Built target ascendc_kernels_npu_aiv_device
[100%] Built target host_bisheng_obj
[ 80%] Performing install step for 'ascendc_kernels_npu_host'
[100%] Building CXX object CMakeFiles/host_bisheng_obj.dir$ASCEND_WORKSPACE/gen/saxpy_verify_-K2.7-Code_r1/saxpy.cpp.o
In file included from $ASCEND_WORKSPACE/gen/saxpy_verify_-K2.7-Code_r1/build/auto_gen/ascendc_kernels_npu/auto_gen_saxpy.cpp:7:
$ASCEND_WORKSPACE/gen/saxpy_verify_-K2.7-Code_r1/saxpy.cpp:29:10: error: no matching member function for call to 'InitBuffer'
    pipe.InitBuffer(qx,    TILE_LEN * sizeof(float));
    ~~~~~^~~~~~~~~~
/usr/local/Ascend/ascend-toolkit/latest/tools/tikcpp/tikcfw/impl/kernel_tpipe_impl.h:851:56: note: candidate template ignored: could not match 'TBuf' against 'TQue'
template <TPosition pos> __aicore__ inline bool TPipe::InitBuffer(TBuf<pos>& buf, uint32_t len)
                                                       ^
/usr/local/Ascend/ascend-toolkit/latest/tools/tikcpp/tikcfw/impl/kernel_tpipe_impl.h:797:50: note: candidate function template not viable: requires 3 arguments, but 2 were provided
template <class T> __aicore__ inline bool TPipe::InitBuffer(T& que, uint8_t num, uint32_t len)
                                                 ^
In file included from $ASCEND_WORKSPACE/gen/saxpy_verify_-K2.7-Code_r1/build/auto_gen/ascendc_kernels_npu/auto_gen_saxpy.cpp:7:
$ASCEND_WORKSPACE/gen/saxpy_verify_-K2.7-Code_r1/saxpy.cpp:30:10: error: no matching member function for call to 'InitBuffer'
    pipe.InitBuffer(qy,    TILE_LEN * sizeof(float));
    ~~~~~^~~~~~~~~~
/usr/local/Ascend/ascend-toolkit/latest/tools/tikcpp/tikcfw/impl/kernel_tpipe_impl.h:851:56: note: candidate template ignored: could not match 'TBuf' against 'TQue'
template <TPosition pos> __aicore__ inline bool TPipe::InitBuffer(TBuf<pos>& buf, uint32_t len)
                                                       ^
/usr/local/Ascend/ascend-toolkit/latest/tools/tikcpp/tikcfw/impl/kernel_tpipe_impl.h:797:50: note: candidate function template not viable: requires 3 arguments, but 2 were provided
template <class T> __aicore__ inline bool TPipe::InitBuffer(T& que, uint8_t num, uint32_t len)
                                                 ^
In file included from $ASCEND_WORKSPACE/gen/saxpy_verify_-K2.7-Code_r1/build/auto_gen/ascendc_kernels_npu/auto_gen_saxpy.cpp:7:
$ASCEND_WORKSPACE/gen/saxpy_verify_-K2.7-Code_r1/saxpy.cpp:31:10: error: no matching member function for call to 'InitBuffer'
    pipe.InitBuffer(qout,  TILE_LEN * sizeof(float));
    ~~~~~^~~~~~~~~~
/usr/local/Ascend/ascend-toolkit/latest/tools/tikcpp/tikcfw/impl/kernel_tpipe_impl.h:851:56: note: candidate template ignored: could not match 'TBuf' against 'TQue'
template <TPosition pos> __aicore__ inline bool TPipe::InitBuffer(TBuf<pos>& buf, uint32_t len)
                                                       ^
/usr/local/Ascend/ascend-toolkit/latest/tools/tikcpp/tikcfw/impl/kernel_tpipe_impl.h:797:50: note: candidate function template not viable: requires 3 arguments, but 2 were provided
template <class T> __aicore__ inline bool TPipe::InitBuffer(T& que, uint8_t num, uint32_t len)
                                                 ^
3 errors generated.
gmake[5]: *** [CMakeFiles/device_aic_obj.dir/build.make:76: CMakeFiles/device_aic_obj.dir$ASCEND_WORKSPACE/gen/saxpy_verify_-K2.7-Code_r1/build/auto_gen/ascendc_kernels_npu/auto_gen_saxpy.cpp.o] Error 1
gmake[4]: *** [CMakeFiles/Makefile2:85: CMakeFiles/device_aic_obj.dir/all] Error 2
gmake[3]: *** [Makefile:91: all] Error 2
gmake[2]: *** [CMakeFiles/ascendc_kernels_npu_aic_device.dir/build.make:86: ascendc_kernels_npu_aic_device-prefix/src/ascendc_kernels_npu_aic_device-stamp/ascendc_kernels_npu_aic_device-build] Error 2
gmake[1]: *** [CMakeFiles/Makefile2:150: CMakeFiles/ascendc_kernels_npu_aic_device.dir/all] Error 2
gmake[1]: *** Waiting for unfinished jobs....
[100%] Built target host_bisheng_obj
Install the project...
-- Install configuration: "Release"
-- Installing: $ASCEND_WORKSPACE/gen/saxpy_verify_-K2.7-Code_r1/build/ascendc_kernels_npu_host_dir/./objects-Release/host_bisheng_obj$ASCEND_WORKSPACE/gen/saxpy_verify_-K2.7-Code_r1/saxpy.cpp.o
[ 83%] Completed 'ascendc_kernels_npu_host'
[ 83%] Built target ascendc_kernels_npu_host
gmake: *** [Makefile:136: all] Error 2
