TE2) DataCopy(const LocalTensor<T>& dstLocal, const GlobalTensor<T>& srcGlobal,
                                            ^
/usr/local/Ascend/ascend-toolkit/latest/tools/tikcpp/tikcfw/inner_interface/inner_kernel_operator_data_copy_intf.cppm:93:45: note: candidate function template not viable: requires 3 arguments, but 4 were provided
__aicore__ inline __inout_pipe__(MTE2) void DataCopy(const LocalTensor<T>& dstLocal, const GlobalTensor<T>& srcGlobal,
                                            ^
/usr/local/Ascend/ascend-toolkit/latest/tools/tikcpp/tikcfw/inner_interface/inner_kernel_operator_data_copy_intf.cppm:127:24: note: candidate function template not viable: requires 3 arguments, but 4 were provided
__aicore__ inline void DataCopy(const LocalTensor<T> &dstLocal, const LocalTensor<T> &srcLocal,
                       ^
/usr/local/Ascend/ascend-toolkit/latest/tools/tikcpp/tikcfw/inner_interface/inner_kernel_operator_data_copy_intf.cppm:151:45: note: candidate function template not viable: requires 3 arguments, but 4 were provided
__aicore__ inline __inout_pipe__(MTE3) void DataCopy(const GlobalTensor<T>& dstGlobal, const LocalTensor<T>& srcLocal,
                                            ^
/usr/local/Ascend/ascend-toolkit/latest/tools/tikcpp/tikcfw/inner_interface/inner_kernel_operator_data_copy_intf.cppm:203:24: note: candidate function template not viable: requires 3 arguments, but 4 were provided
__aicore__ inline void DataCopy(const LocalTensor<T> &dstLocal, const LocalTensor<T> &srcLocal,
                       ^
/usr/local/Ascend/ascend-toolkit/latest/tools/tikcpp/tikcfw/inner_interface/inner_kernel_operator_data_copy_intf.cppm:265:24: note: candidate function template not viable: requires 3 arguments, but 4 were provided
__aicore__ inline void DataCopy(const LocalTensor<dst_T> &dstLocal, const LocalTensor<src_T> &srcLocal,
                       ^
/usr/local/Ascend/ascend-toolkit/latest/tools/tikcpp/tikcfw/inner_interface/inner_kernel_operator_data_copy_intf.cppm:471:45: note: candidate function template not viable: requires 3 arguments, but 4 were provided
__aicore__ inline __inout_pipe__(MTE2) void DataCopy(const LocalTensor<T>& dstLocal, const GlobalTensor<T>& srcGlobal,
                                            ^
/usr/local/Ascend/ascend-toolkit/latest/tools/tikcpp/tikcfw/inner_interface/inner_kernel_operator_data_copy_intf.cppm:491:45: note: candidate function template not viable: requires 3 arguments, but 4 were provided
__aicore__ inline __inout_pipe__(MTE3) void DataCopy(const GlobalTensor<T>& dstGlobal, const LocalTensor<T>& srcLocal,
                                            ^
/usr/local/Ascend/ascend-toolkit/latest/tools/tikcpp/tikcfw/inner_interface/inner_kernel_operator_data_copy_intf.cppm:511:24: note: candidate function template not viable: requires 3 arguments, but 4 were provided
__aicore__ inline void DataCopy(const LocalTensor<T> &dstLocal, const LocalTensor<T> &srcLocal, const uint32_t calCount)
                       ^
/usr/local/Ascend/ascend-toolkit/latest/tools/tikcpp/tikcfw/inner_interface/inner_kernel_operator_data_copy_intf.cppm:539:45: note: candidate function template not viable: requires 3 arguments, but 4 were provided
__aicore__ inline __inout_pipe__(MTE3) void DataCopy(const GlobalTensor<T>& dstGlobal, const LocalTensor<T>& srcLocal,
                                            ^
/usr/local/Ascend/ascend-toolkit/latest/tools/tikcpp/tikcfw/inner_interface/inner_kernel_operator_data_copy_intf.cppm:681:24: note: candidate function template not viable: requires 3 arguments, but 4 were provided
__aicore__ inline void DataCopy(const LocalTensor<T>& dstLocal, const LocalTensor<U>& srcLocal,
                       ^
/usr/local/Ascend/ascend-toolkit/latest/tools/tikcpp/tikcfw/inner_interface/inner_kernel_operator_data_copy_intf.cppm:693:24: note: candidate function template not viable: requires 3 arguments, but 4 were provided
__aicore__ inline void DataCopy(const GlobalTensor<T>& dstGlobal, const LocalTensor<U>& srcLocal,
                       ^
In file included from $ASCEND_WORKSPACE/gen/saxpy_verify_LM-4.5-Air_r3/build/auto_gen/ascendc_kernels_npu/auto_gen_saxpy.cpp:7:
$ASCEND_WORKSPACE/gen/saxpy_verify_LM-4.5-Air_r3/saxpy.cpp:60:13: error: use of undeclared identifier 'sync_all'
            sync_all();
            ^
$ASCEND_WORKSPACE/gen/saxpy_verify_LM-4.5-Air_r3/saxpy.cpp:69:17: error: use of undeclared identifier 'float4'; did you mean 'float'?
                float4 x_vec = x_local[j];
                ^~~~~~
                float
$ASCEND_WORKSPACE/gen/saxpy_verify_LM-4.5-Air_r3/saxpy.cpp:69:24: error: no viable conversion from 'AscendC::LocalTensor<float>' to 'float'
                float4 x_vec = x_local[j];
                       ^       ~~~~~~~~~~
fatal error: too many errors emitted, stopping now [-ferror-limit=]
20 errors generated.
gmake[5]: *** [CMakeFiles/device_aic_obj.dir/build.make:76: CMakeFiles/device_aic_obj.dir$ASCEND_WORKSPACE/gen/saxpy_verify_LM-4.5-Air_r3/build/auto_gen/ascendc_kernels_npu/auto_gen_saxpy.cpp.o] Error 1
gmake[4]: *** [CMakeFiles/Makefile2:85: CMakeFiles/device_aic_obj.dir/all] Error 2
gmake[3]: *** [Makefile:91: all] Error 2
gmake[2]: *** [CMakeFiles/ascendc_kernels_npu_aic_device.dir/build.make:86: ascendc_kernels_npu_aic_device-prefix/src/ascendc_kernels_npu_aic_device-stamp/ascendc_kernels_npu_aic_device-build] Error 2
gmake[1]: *** [CMakeFiles/Makefile2:150: CMakeFiles/ascendc_kernels_npu_aic_device.dir/all] Error 2
gmake[1]: *** Waiting for unfinished jobs....
[100%] Built target host_bisheng_obj
Install the project...
-- Install configuration: "Release"
-- Installing: $ASCEND_WORKSPACE/gen/saxpy_verify_LM-4.5-Air_r3/build/ascendc_kernels_npu_host_dir/./objects-Release/host_bisheng_obj$ASCEND_WORKSPACE/gen/saxpy_verify_LM-4.5-Air_r3/saxpy.cpp.o
[ 83%] Completed 'ascendc_kernels_npu_host'
[ 83%] Built target ascendc_kernels_npu_host
gmake: *** [Makefile:136: all] Error 2
